// Jest Snapshot v1, https://goo.gl/fbAQLP

exports[`renders homepage unchanged 1`] = `
<div>
  <div
    class="css-2qu8dr"
  >
    <h6
      class="MuiTypography-root MuiTypography-h6 css-1kszyoj-MuiTypography-root"
      data-testid="title"
    >
      Title
    </h6>
    <p
      class="MuiTypography-root MuiTypography-body2 css-1390546-MuiTypography-root"
    >
      Lorem Ipsum is simply dummy text of the printing and typesetting industry. Lorem Ipsum has been the industry's standard dummy text ever since the 1500s, when an unknown printer took a galley of type and scrambled it to make a type specimen book.
    </p>
  </div>
</div>
`;
